#
# There is insufficient memory for the Java Runtime Environment to continue.
# Native memory allocation (mmap) failed to map 67108864 bytes. Error detail: G1 virtual space
# Possible reasons:
#   The system is out of physical RAM or swap space
#   This process is running with CompressedOops enabled, and the Java Heap may be blocking the growth of the native heap
# Possible solutions:
#   Reduce memory load on the system
#   Increase physical memory or swap space
#   Check if swap backing store is full
#   Decrease Java heap size (-Xmx/-Xms)
#   Decrease number of Java threads
#   Decrease Java thread stack sizes (-Xss)
#   Set larger code cache with -XX:ReservedCodeCacheSize=
#   JVM is running with Unscaled Compressed Oops mode in which the Java heap is
#     placed in the first 4GB address space. The Java Heap base address is the
#     maximum limit for the native heap growth. Please use -XX:HeapBaseMinAddress
#     to set the Java Heap base and to place the Java Heap above 4GB virtual address.
# This output file may be truncated or incomplete.
#
#  Out of Memory Error (os_windows.cpp:3710), pid=2080, tid=7484
#
# JRE version:  (17.0.14+7) (build )
# Java VM: OpenJDK 64-Bit Server VM (17.0.14+7-LTS, mixed mode, sharing, tiered, compressed oops, compressed class ptrs, g1 gc, windows-amd64)
# No core dump will be written. Minidumps are not enabled by default on client versions of Windows
#

---------------  S U M M A R Y ------------

Command Line: -Xmx64m -Xms64m -Dorg.gradle.appname=gradlew org.gradle.wrapper.GradleWrapperMain assembleRelease

Host: Intel(R) Core(TM) i5-8500 CPU @ 3.00GHz, 6 cores, 15G,  Windows 10 , 64 bit Build 19041 (10.0.19041.5915)
Time: Tue Jul 15 13:23:17 2025 India Standard Time elapsed time: 0.008143 seconds (0d 0h 0m 0s)

---------------  T H R E A D  ---------------

Current thread (0x00000173956dfa40):  JavaThread "Unknown thread" [_thread_in_vm, id=7484, stack(0x0000000754700000,0x0000000754800000)]

Stack: [0x0000000754700000,0x0000000754800000]
Native frames: (J=compiled Java code, j=interpreted, Vv=VM code, C=native code)
V  [jvm.dll+0x6886b9]
V  [jvm.dll+0x83f6f8]
V  [jvm.dll+0x8411a3]
V  [jvm.dll+0x841813]
V  [jvm.dll+0x2495cf]
V  [jvm.dll+0x6855f9]
V  [jvm.dll+0x679a8a]
V  [jvm.dll+0x30afc7]
V  [jvm.dll+0x312536]
V  [jvm.dll+0x362eee]
V  [jvm.dll+0x36312d]
V  [jvm.dll+0x2e225c]
V  [jvm.dll+0x2e3174]
V  [jvm.dll+0x8115fb]
V  [jvm.dll+0x370c01]
V  [jvm.dll+0x7f00ef]
V  [jvm.dll+0x3f76ff]
V  [jvm.dll+0x3f9231]
C  [jli.dll+0x52a0]
C  [ucrtbase.dll+0x21bb2]
C  [KERNEL32.DLL+0x17374]
C  [ntdll.dll+0x4cc91]


---------------  P R O C E S S  ---------------

Threads class SMR info:
_java_thread_list=0x00007ffd247eefd8, length=0, elements={
}

Java Threads: ( => current thread )

Other Threads:
  0x0000017395701220 GCTaskThread "GC Thread#0" [stack: 0x0000000754800000,0x0000000754900000] [id=14232]
  0x0000017395702970 ConcurrentGCThread "G1 Main Marker" [stack: 0x0000000754900000,0x0000000754a00000] [id=11244]
  0x0000017395703390 ConcurrentGCThread "G1 Conc#0" [stack: 0x0000000754a00000,0x0000000754b00000] [id=11772]

[error occurred during error reporting (printing all threads), id 0xc0000005, EXCEPTION_ACCESS_VIOLATION (0xc0000005) at pc=0x00007ffd23fa2db7]

VM state: not at safepoint (not fully initialized)

VM Mutex/Monitor currently owned by a thread:  ([mutex/lock_event])
[0x00000173956d9b40] Heap_lock - owner thread: 0x00000173956dfa40

Heap address: 0x00000000fc000000, size: 64 MB, Compressed Oops mode: 32-bit

CDS archive(s) mapped at: [0x0000000000000000-0x0000000000000000-0x0000000000000000), size 0, SharedBaseAddress: 0x0000000800000000, ArchiveRelocationMode: 1.
Narrow klass base: 0x0000000000000000, Narrow klass shift: 0, Narrow klass range: 0x0

GC Precious Log:
<Empty>

Heap:
 garbage-first heap   total 0K, used 0K [0x00000000fc000000, 0x0000000100000000)
  region size 1024K, 0 young (0K), 0 survivors (0K)

[error occurred during error reporting (printing heap information), id 0xc0000005, EXCEPTION_ACCESS_VIOLATION (0xc0000005) at pc=0x00007ffd243922e9]

GC Heap History (0 events):
No events

Dll operation events (1 events):
Event: 0.005 Loaded shared library C:\Program Files\Microsoft\jdk-17.0.14.7-hotspot\bin\java.dll

Deoptimization events (0 events):
No events

Classes loaded (0 events):
No events

Classes unloaded (0 events):
No events

Classes redefined (0 events):
No events

Internal exceptions (0 events):
No events

VM Operations (0 events):
No events

Memory protections (0 events):
No events

Nmethod flushes (0 events):
No events

Events (0 events):
No events


Dynamic libraries:
0x00007ff706310000 - 0x00007ff70631e000 	C:\Program Files\Microsoft\jdk-17.0.14.7-hotspot\bin\java.exe
0x00007ffd3da90000 - 0x00007ffd3dc88000 	C:\Windows\SYSTEM32\ntdll.dll
0x00007ffd3cb10000 - 0x00007ffd3cbd2000 	C:\Windows\System32\KERNEL32.DLL
0x00007ffd3b330000 - 0x00007ffd3b626000 	C:\Windows\System32\KERNELBASE.dll
0x00007ffd3b960000 - 0x00007ffd3ba60000 	C:\Windows\System32\ucrtbase.dll
0x00007ffd249f0000 - 0x00007ffd24a07000 	C:\Program Files\Microsoft\jdk-17.0.14.7-hotspot\bin\jli.dll
0x00007ffd249d0000 - 0x00007ffd249ed000 	C:\Program Files\Microsoft\jdk-17.0.14.7-hotspot\bin\VCRUNTIME140.dll
0x00007ffd3d7b0000 - 0x00007ffd3d94d000 	C:\Windows\System32\USER32.dll
0x00007ffd3b1c0000 - 0x00007ffd3b1e2000 	C:\Windows\System32\win32u.dll
0x00007ffd2bdd0000 - 0x00007ffd2c06a000 	C:\Windows\WinSxS\amd64_microsoft.windows.common-controls_6595b64144ccf1df_6.0.19041.5915_none_60b4b9d171f9c7c7\COMCTL32.dll
0x00007ffd3bea0000 - 0x00007ffd3becb000 	C:\Windows\System32\GDI32.dll
0x00007ffd3d950000 - 0x00007ffd3d9ee000 	C:\Windows\System32\msvcrt.dll
0x00007ffd3b840000 - 0x00007ffd3b959000 	C:\Windows\System32\gdi32full.dll
0x00007ffd3b120000 - 0x00007ffd3b1bd000 	C:\Windows\System32\msvcp_win.dll
0x00007ffd3c9b0000 - 0x00007ffd3c9df000 	C:\Windows\System32\IMM32.DLL
0x00007ffd249c0000 - 0x00007ffd249cc000 	C:\Program Files\Microsoft\jdk-17.0.14.7-hotspot\bin\vcruntime140_1.dll
0x00007ffd24930000 - 0x00007ffd249bd000 	C:\Program Files\Microsoft\jdk-17.0.14.7-hotspot\bin\msvcp140.dll
0x00007ffd23cb0000 - 0x00007ffd24922000 	C:\Program Files\Microsoft\jdk-17.0.14.7-hotspot\bin\server\jvm.dll
0x00007ffd3bd80000 - 0x00007ffd3be31000 	C:\Windows\System32\ADVAPI32.dll
0x00007ffd3c900000 - 0x00007ffd3c99f000 	C:\Windows\System32\sechost.dll
0x00007ffd3cbe0000 - 0x00007ffd3cd03000 	C:\Windows\System32\RPCRT4.dll
0x00007ffd3b280000 - 0x00007ffd3b2a7000 	C:\Windows\System32\bcrypt.dll
0x00007ffd3d480000 - 0x00007ffd3d4eb000 	C:\Windows\System32\WS2_32.dll
0x00007ffd3a660000 - 0x00007ffd3a6ab000 	C:\Windows\SYSTEM32\POWRPROF.dll
0x00007ffd2ff60000 - 0x00007ffd2ff6a000 	C:\Windows\SYSTEM32\VERSION.dll
0x00007ffd2dad0000 - 0x00007ffd2daf7000 	C:\Windows\SYSTEM32\WINMM.dll
0x00007ffd3a520000 - 0x00007ffd3a532000 	C:\Windows\SYSTEM32\UMPDC.dll
0x00007ffd38fc0000 - 0x00007ffd38fd2000 	C:\Windows\SYSTEM32\kernel.appcore.dll
0x00007ffd23ca0000 - 0x00007ffd23caa000 	C:\Program Files\Microsoft\jdk-17.0.14.7-hotspot\bin\jimage.dll
0x00007ffd2c220000 - 0x00007ffd2c421000 	C:\Windows\SYSTEM32\DBGHELP.DLL
0x00007ffd29f10000 - 0x00007ffd29f44000 	C:\Windows\SYSTEM32\dbgcore.DLL
0x00007ffd3b1f0000 - 0x00007ffd3b272000 	C:\Windows\System32\bcryptPrimitives.dll
0x00007ffd23c70000 - 0x00007ffd23c95000 	C:\Program Files\Microsoft\jdk-17.0.14.7-hotspot\bin\java.dll

dbghelp: loaded successfully - version: 4.0.5 - missing functions: none
symbol engine: initialized successfully - sym options: 0x614 - pdb path: .;C:\Program Files\Microsoft\jdk-17.0.14.7-hotspot\bin;C:\Windows\SYSTEM32;C:\Windows\WinSxS\amd64_microsoft.windows.common-controls_6595b64144ccf1df_6.0.19041.5915_none_60b4b9d171f9c7c7;C:\Program Files\Microsoft\jdk-17.0.14.7-hotspot\bin\server

VM Arguments:
jvm_args: -Xmx64m -Xms64m -Dorg.gradle.appname=gradlew 
java_command: org.gradle.wrapper.GradleWrapperMain assembleRelease
java_class_path (initial): D:\Abhi24\android\\gradle\wrapper\gradle-wrapper.jar
Launcher Type: SUN_STANDARD

[Global flags]
     intx CICompilerCount                          = 3                                         {product} {ergonomic}
     uint ConcGCThreads                            = 2                                         {product} {ergonomic}
     uint G1ConcRefinementThreads                  = 6                                         {product} {ergonomic}
   size_t G1HeapRegionSize                         = 1048576                                   {product} {ergonomic}
    uintx GCDrainStackTargetSize                   = 64                                        {product} {ergonomic}
   size_t InitialHeapSize                          = 67108864                                  {product} {command line}
   size_t MarkStackSize                            = 4194304                                   {product} {ergonomic}
   size_t MaxHeapSize                              = 67108864                                  {product} {command line}
   size_t MinHeapDeltaBytes                        = 1048576                                   {product} {ergonomic}
   size_t MinHeapSize                              = 67108864                                  {product} {command line}
    uintx NonNMethodCodeHeapSize                   = 5832780                                {pd product} {ergonomic}
    uintx NonProfiledCodeHeapSize                  = 122912730                              {pd product} {ergonomic}
    uintx ProfiledCodeHeapSize                     = 122912730                              {pd product} {ergonomic}
    uintx ReservedCodeCacheSize                    = 251658240                              {pd product} {ergonomic}
     bool SegmentedCodeCache                       = true                                      {product} {ergonomic}
   size_t SoftMaxHeapSize                          = 67108864                               {manageable} {ergonomic}
     bool UseCompressedClassPointers               = true                           {product lp64_product} {ergonomic}
     bool UseCompressedOops                        = true                           {product lp64_product} {ergonomic}
     bool UseG1GC                                  = true                                      {product} {ergonomic}
     bool UseLargePagesIndividualAllocation        = false                                  {pd product} {ergonomic}

Logging:
Log output configuration:
 #0: stdout all=warning uptime,level,tags
 #1: stderr all=off uptime,level,tags

Environment Variables:
JAVA_HOME=C:\Program Files\Microsoft\jdk-17.0.14.7-hotspot\
CLASSPATH=D:\Abhi24\android\\gradle\wrapper\gradle-wrapper.jar
PATH=C:\Program Files\Microsoft\jdk-17.0.14.7-hotspot\bin;C:\Python313\Scripts\;C:\Python313\;C:\Windows\system32;C:\Windows;C:\Windows\System32\Wbem;C:\Windows\System32\WindowsPowerShell\v1.0\;C:\Windows\System32\OpenSSH\;C:\Program Files\Git\cmd;C:\Program Files\nodejs\;C:\ProgramData\chocolatey\bin;C:\Program Files\MySQL\MySQL Server 8.0\bin;C:\Program Files\MySQL\MySQL Shell 8.0\bin\;C:\Users\Godavariwave\AppData\Local\Microsoft\WindowsApps;C:\Users\Godavariwave\AppData\Local\Programs\cursor\resources\app\bin;C:\Users\Godavariwave\AppData\Roaming\npm;D:\Android\Sdk\platform-tools;D:\Microsoft VS Code\bin
USERNAME=Godavariwave
LANG=en_US.UTF-8
OS=Windows_NT
PROCESSOR_IDENTIFIER=Intel64 Family 6 Model 158 Stepping 10, GenuineIntel
TMP=C:\Users\GODAVA~1\AppData\Local\Temp
TEMP=C:\Users\GODAVA~1\AppData\Local\Temp



Periodic native trim disabled


---------------  S Y S T E M  ---------------

OS:
 Windows 10 , 64 bit Build 19041 (10.0.19041.5915)
OS uptime: 0 days 4:21 hours

CPU: total 6 (initial active 6) (6 cores per cpu, 1 threads per core) family 6 model 158 stepping 10 microcode 0xea, cx8, cmov, fxsr, mmx, 3dnowpref, sse, sse2, sse3, ssse3, sse4.1, sse4.2, popcnt, lzcnt, tsc, tscinvbit, avx, avx2, aes, erms, clmul, bmi1, bmi2, rtm, adx, fma, vzeroupper, clflush, clflushopt
Processor Information for the first 6 processors :
  Max Mhz: 3000, Current Mhz: 3000, Mhz Limit: 3000

Memory: 4k page, system-wide physical 16306M (2934M free)
TotalPageFile size 32345M (AvailPageFile size 50M)
current process WorkingSet (physical memory assigned to process): 10M, peak: 10M
current process commit charge ("private bytes"): 55M, peak: 119M

vm_info: OpenJDK 64-Bit Server VM (17.0.14+7-LTS) for windows-amd64 JRE (17.0.14+7-LTS), built on Jan  8 2025 23:39:28 by "MicrosoftCorporation" with unknown MS VC++:1939

END.
